ERROR
RT @rsallesmma: Olha quem veio nos visitar  !!! grande honra em ter o nosso querido Presidente @jairbolsonaro aqui no MMA. https://t.co/rYx…