[2019-07-09T14:12:33.333-0300][gc,heap] Heap region size: 1M
[2019-07-09T14:12:33.343-0300][gc     ] Using G1
[2019-07-09T14:12:33.343-0300][gc,heap,coops] Heap address: 0x00000000c0000000, size: 1024 MB, Compressed Oops mode: 32-bit
[2019-07-09T14:12:33.343-0300][gc,cds       ] Mark closed archive regions in map: [0x00000000fff00000, 0x00000000fff69ff8]
[2019-07-09T14:12:33.343-0300][gc,cds       ] Mark open archive regions in map: [0x00000000ffe00000, 0x00000000ffe34ff8]
[2019-07-09T14:12:36.682-0300][gc,start     ] GC(0) Pause Young (Normal) (G1 Evacuation Pause)
[2019-07-09T14:12:36.684-0300][gc,task      ] GC(0) Using 4 workers of 4 for evacuation
[2019-07-09T14:12:36.706-0300][gc,mmu       ] GC(0) MMU target violated: 21,0ms (20,0ms/21,0ms)
[2019-07-09T14:12:36.706-0300][gc,phases    ] GC(0)   Pre Evacuate Collection Set: 0,0ms
[2019-07-09T14:12:36.706-0300][gc,phases    ] GC(0)   Evacuate Collection Set: 20,3ms
[2019-07-09T14:12:36.706-0300][gc,phases    ] GC(0)   Post Evacuate Collection Set: 0,9ms
[2019-07-09T14:12:36.706-0300][gc,phases    ] GC(0)   Other: 2,2ms
[2019-07-09T14:12:36.706-0300][gc,heap      ] GC(0) Eden regions: 51->0(45)
[2019-07-09T14:12:36.706-0300][gc,heap      ] GC(0) Survivor regions: 0->6(7)
[2019-07-09T14:12:36.706-0300][gc,heap      ] GC(0) Old regions: 2->2
[2019-07-09T14:12:36.706-0300][gc,heap      ] GC(0) Humongous regions: 0->0
[2019-07-09T14:12:36.706-0300][gc,metaspace ] GC(0) Metaspace: 16867K->16867K(1064960K)
[2019-07-09T14:12:36.706-0300][gc           ] GC(0) Pause Young (Normal) (G1 Evacuation Pause) 51M->6M(1024M) 23,601ms
[2019-07-09T14:12:36.706-0300][gc,cpu       ] GC(0) User=0,04s Sys=0,00s Real=0,03s
[2019-07-09T14:12:37.676-0300][gc,start     ] GC(1) Pause Young (Concurrent Start) (Metadata GC Threshold)
[2019-07-09T14:12:37.676-0300][gc,task      ] GC(1) Using 4 workers of 4 for evacuation
[2019-07-09T14:12:37.690-0300][gc,phases    ] GC(1)   Pre Evacuate Collection Set: 0,1ms
[2019-07-09T14:12:37.690-0300][gc,phases    ] GC(1)   Evacuate Collection Set: 13,5ms
[2019-07-09T14:12:37.690-0300][gc,phases    ] GC(1)   Post Evacuate Collection Set: 0,4ms
[2019-07-09T14:12:37.690-0300][gc,phases    ] GC(1)   Other: 0,3ms
[2019-07-09T14:12:37.690-0300][gc,heap      ] GC(1) Eden regions: 15->0(49)
[2019-07-09T14:12:37.690-0300][gc,heap      ] GC(1) Survivor regions: 6->2(7)
[2019-07-09T14:12:37.690-0300][gc,heap      ] GC(1) Old regions: 2->8
[2019-07-09T14:12:37.690-0300][gc,heap      ] GC(1) Humongous regions: 129->129
[2019-07-09T14:12:37.690-0300][gc,metaspace ] GC(1) Metaspace: 20363K->20363K(1067008K)
[2019-07-09T14:12:37.691-0300][gc           ] GC(1) Pause Young (Concurrent Start) (Metadata GC Threshold) 150M->137M(1024M) 14,290ms
[2019-07-09T14:12:37.691-0300][gc,cpu       ] GC(1) User=0,03s Sys=0,00s Real=0,02s
[2019-07-09T14:12:37.691-0300][gc           ] GC(2) Concurrent Cycle
[2019-07-09T14:12:37.691-0300][gc,marking   ] GC(2) Concurrent Clear Claimed Marks
[2019-07-09T14:12:37.691-0300][gc,marking   ] GC(2) Concurrent Clear Claimed Marks 0,075ms
[2019-07-09T14:12:37.691-0300][gc,marking   ] GC(2) Concurrent Scan Root Regions
[2019-07-09T14:12:37.692-0300][gc,marking   ] GC(2) Concurrent Scan Root Regions 1,084ms
[2019-07-09T14:12:37.692-0300][gc,marking   ] GC(2) Concurrent Mark (4,385s)
[2019-07-09T14:12:37.692-0300][gc,marking   ] GC(2) Concurrent Mark From Roots
[2019-07-09T14:12:37.692-0300][gc,task      ] GC(2) Using 1 workers of 1 for marking
[2019-07-09T14:12:37.703-0300][gc,marking   ] GC(2) Concurrent Mark From Roots 10,880ms
[2019-07-09T14:12:37.703-0300][gc,marking   ] GC(2) Concurrent Preclean
[2019-07-09T14:12:37.703-0300][gc,marking   ] GC(2) Concurrent Preclean 0,157ms
[2019-07-09T14:12:37.703-0300][gc,marking   ] GC(2) Concurrent Mark (4,385s, 4,396s) 11,106ms
[2019-07-09T14:12:37.703-0300][gc,start     ] GC(2) Pause Remark
[2019-07-09T14:12:37.706-0300][gc,stringtable] GC(2) Cleaned string and symbol table, strings: 4937 processed, 0 removed, symbols: 49107 processed, 48 removed
[2019-07-09T14:12:37.706-0300][gc            ] GC(2) Pause Remark 137M->137M(1024M) 2,995ms
[2019-07-09T14:12:37.707-0300][gc,cpu        ] GC(2) User=0,01s Sys=0,00s Real=0,01s
[2019-07-09T14:12:37.707-0300][gc,marking    ] GC(2) Concurrent Rebuild Remembered Sets
[2019-07-09T14:12:37.712-0300][gc,marking    ] GC(2) Concurrent Rebuild Remembered Sets 5,729ms
[2019-07-09T14:12:37.712-0300][gc,start      ] GC(2) Pause Cleanup
[2019-07-09T14:12:37.713-0300][gc            ] GC(2) Pause Cleanup 138M->138M(1024M) 0,240ms
[2019-07-09T14:12:37.713-0300][gc,cpu        ] GC(2) User=0,00s Sys=0,00s Real=0,00s
[2019-07-09T14:12:37.713-0300][gc,marking    ] GC(2) Concurrent Cleanup for Next Mark
[2019-07-09T14:12:37.722-0300][gc,marking    ] GC(2) Concurrent Cleanup for Next Mark 8,881ms
[2019-07-09T14:12:37.722-0300][gc            ] GC(2) Concurrent Cycle 31,063ms
[2019-07-09T14:13:08.632-0300][gc,start      ] GC(3) Pause Young (Normal) (G1 Evacuation Pause)
[2019-07-09T14:13:08.632-0300][gc,task       ] GC(3) Using 4 workers of 4 for evacuation
[2019-07-09T14:13:08.650-0300][gc,phases     ] GC(3)   Pre Evacuate Collection Set: 0,0ms
[2019-07-09T14:13:08.650-0300][gc,phases     ] GC(3)   Evacuate Collection Set: 16,3ms
[2019-07-09T14:13:08.650-0300][gc,phases     ] GC(3)   Post Evacuate Collection Set: 1,0ms
[2019-07-09T14:13:08.650-0300][gc,phases     ] GC(3)   Other: 0,3ms
[2019-07-09T14:13:08.650-0300][gc,heap       ] GC(3) Eden regions: 49->0(46)
[2019-07-09T14:13:08.650-0300][gc,heap       ] GC(3) Survivor regions: 2->5(7)
[2019-07-09T14:13:08.650-0300][gc,heap       ] GC(3) Old regions: 8->8
[2019-07-09T14:13:08.650-0300][gc,heap       ] GC(3) Humongous regions: 129->129
[2019-07-09T14:13:08.650-0300][gc,metaspace  ] GC(3) Metaspace: 30398K->30398K(1077248K)
[2019-07-09T14:13:08.650-0300][gc            ] GC(3) Pause Young (Normal) (G1 Evacuation Pause) 186M->140M(1024M) 17,708ms
[2019-07-09T14:13:08.650-0300][gc,cpu        ] GC(3) User=0,03s Sys=0,00s Real=0,02s
[2019-07-09T14:38:15.112-0300][gc,start      ] GC(4) Pause Young (Concurrent Start) (Metadata GC Threshold)
[2019-07-09T14:38:15.112-0300][gc,task       ] GC(4) Using 4 workers of 4 for evacuation
[2019-07-09T14:38:15.125-0300][gc,phases     ] GC(4)   Pre Evacuate Collection Set: 0,1ms
[2019-07-09T14:38:15.125-0300][gc,phases     ] GC(4)   Evacuate Collection Set: 12,3ms
[2019-07-09T14:38:15.125-0300][gc,phases     ] GC(4)   Post Evacuate Collection Set: 0,7ms
[2019-07-09T14:38:15.125-0300][gc,phases     ] GC(4)   Other: 0,3ms
[2019-07-09T14:38:15.125-0300][gc,heap       ] GC(4) Eden regions: 44->0(50)
[2019-07-09T14:38:15.125-0300][gc,heap       ] GC(4) Survivor regions: 5->1(7)
[2019-07-09T14:38:15.125-0300][gc,heap       ] GC(4) Old regions: 8->13
[2019-07-09T14:38:15.125-0300][gc,heap       ] GC(4) Humongous regions: 129->129
[2019-07-09T14:38:15.125-0300][gc,metaspace  ] GC(4) Metaspace: 33809K->33809K(1079296K)
[2019-07-09T14:38:15.125-0300][gc            ] GC(4) Pause Young (Concurrent Start) (Metadata GC Threshold) 184M->141M(1024M) 13,560ms
[2019-07-09T14:38:15.125-0300][gc,cpu        ] GC(4) User=0,02s Sys=0,01s Real=0,01s
[2019-07-09T14:38:15.125-0300][gc            ] GC(5) Concurrent Cycle
[2019-07-09T14:38:15.125-0300][gc,marking    ] GC(5) Concurrent Clear Claimed Marks
[2019-07-09T14:38:15.125-0300][gc,marking    ] GC(5) Concurrent Clear Claimed Marks 0,200ms
[2019-07-09T14:38:15.125-0300][gc,marking    ] GC(5) Concurrent Scan Root Regions
[2019-07-09T14:38:15.127-0300][gc,marking    ] GC(5) Concurrent Scan Root Regions 1,542ms
[2019-07-09T14:38:15.127-0300][gc,marking    ] GC(5) Concurrent Mark (1541,821s)
[2019-07-09T14:38:15.127-0300][gc,marking    ] GC(5) Concurrent Mark From Roots
[2019-07-09T14:38:15.127-0300][gc,task       ] GC(5) Using 1 workers of 1 for marking
[2019-07-09T14:38:15.156-0300][gc,marking    ] GC(5) Concurrent Mark From Roots 29,023ms
[2019-07-09T14:38:15.156-0300][gc,marking    ] GC(5) Concurrent Preclean
[2019-07-09T14:38:15.156-0300][gc,marking    ] GC(5) Concurrent Preclean 0,397ms
[2019-07-09T14:38:15.156-0300][gc,marking    ] GC(5) Concurrent Mark (1541,821s, 1541,850s) 29,528ms
[2019-07-09T14:38:15.161-0300][gc,start      ] GC(5) Pause Remark
[2019-07-09T14:38:15.171-0300][gc,stringtable] GC(5) Cleaned string and symbol table, strings: 10114 processed, 257 removed, symbols: 74747 processed, 20 removed
[2019-07-09T14:38:15.172-0300][gc            ] GC(5) Pause Remark 141M->141M(1024M) 10,911ms
[2019-07-09T14:38:15.172-0300][gc,cpu        ] GC(5) User=0,02s Sys=0,00s Real=0,01s
[2019-07-09T14:38:15.173-0300][gc,marking    ] GC(5) Concurrent Rebuild Remembered Sets
[2019-07-09T14:38:15.188-0300][gc,marking    ] GC(5) Concurrent Rebuild Remembered Sets 14,729ms
[2019-07-09T14:38:15.193-0300][gc,start      ] GC(5) Pause Cleanup
[2019-07-09T14:38:15.194-0300][gc            ] GC(5) Pause Cleanup 141M->141M(1024M) 0,298ms
[2019-07-09T14:38:15.194-0300][gc,cpu        ] GC(5) User=0,00s Sys=0,00s Real=0,00s
[2019-07-09T14:38:15.194-0300][gc,marking    ] GC(5) Concurrent Cleanup for Next Mark
[2019-07-09T14:38:15.207-0300][gc,marking    ] GC(5) Concurrent Cleanup for Next Mark 12,895ms
[2019-07-09T14:38:15.207-0300][gc            ] GC(5) Concurrent Cycle 81,580ms
[2019-07-09T15:57:09.911-0300][gc,heap,exit  ] Heap
[2019-07-09T15:57:09.911-0300][gc,heap,exit  ]  garbage-first heap   total 1048576K, used 169533K [0x00000000c0000000, 0x0000000100000000)
[2019-07-09T15:57:09.911-0300][gc,heap,exit  ]   region size 1024K, 27 young (27648K), 1 survivors (1024K)
[2019-07-09T15:57:09.911-0300][gc,heap,exit  ]  Metaspace       used 34935K, capacity 37041K, committed 37376K, reserved 1081344K
[2019-07-09T15:57:09.911-0300][gc,heap,exit  ]   class space    used 4989K, capacity 6022K, committed 6144K, reserved 1048576K
