[2019-07-05T16:35:52.230-0300][gc,heap] Heap region size: 1M
[2019-07-05T16:35:52.241-0300][gc     ] Using G1
[2019-07-05T16:35:52.241-0300][gc,heap,coops] Heap address: 0x00000000c0000000, size: 1024 MB, Compressed Oops mode: 32-bit
[2019-07-05T16:35:52.241-0300][gc,cds       ] Mark closed archive regions in map: [0x00000000fff00000, 0x00000000fff69ff8]
[2019-07-05T16:35:52.241-0300][gc,cds       ] Mark open archive regions in map: [0x00000000ffe00000, 0x00000000ffe34ff8]
[2019-07-05T16:36:00.184-0300][gc,heap,exit ] Heap
[2019-07-05T16:36:00.184-0300][gc,heap,exit ]  garbage-first heap   total 1048576K, used 42620K [0x00000000c0000000, 0x0000000100000000)
[2019-07-05T16:36:00.184-0300][gc,heap,exit ]   region size 1024K, 42 young (43008K), 0 survivors (0K)
[2019-07-05T16:36:00.184-0300][gc,heap,exit ]  Metaspace       used 13885K, capacity 14359K, committed 14464K, reserved 1060864K
[2019-07-05T16:36:00.184-0300][gc,heap,exit ]   class space    used 1927K, capacity 2103K, committed 2176K, reserved 1048576K
