[2019-07-05T18:19:25.852-0300][gc,heap] Heap region size: 1M
[2019-07-05T18:19:25.862-0300][gc     ] Using G1
[2019-07-05T18:19:25.862-0300][gc,heap,coops] Heap address: 0x00000000c0000000, size: 1024 MB, Compressed Oops mode: 32-bit
[2019-07-05T18:19:25.863-0300][gc,cds       ] Mark closed archive regions in map: [0x00000000fff00000, 0x00000000fff69ff8]
[2019-07-05T18:19:25.863-0300][gc,cds       ] Mark open archive regions in map: [0x00000000ffe00000, 0x00000000ffe34ff8]
[2019-07-05T18:19:27.945-0300][gc,start     ] GC(0) Pause Young (Normal) (G1 Evacuation Pause)
[2019-07-05T18:19:27.945-0300][gc,task      ] GC(0) Using 4 workers of 4 for evacuation
[2019-07-05T18:19:27.960-0300][gc,phases    ] GC(0)   Pre Evacuate Collection Set: 0,0ms
[2019-07-05T18:19:27.960-0300][gc,phases    ] GC(0)   Evacuate Collection Set: 13,6ms
[2019-07-05T18:19:27.960-0300][gc,phases    ] GC(0)   Post Evacuate Collection Set: 0,5ms
[2019-07-05T18:19:27.960-0300][gc,phases    ] GC(0)   Other: 0,6ms
[2019-07-05T18:19:27.960-0300][gc,heap      ] GC(0) Eden regions: 51->0(44)
[2019-07-05T18:19:27.960-0300][gc,heap      ] GC(0) Survivor regions: 0->7(7)
[2019-07-05T18:19:27.960-0300][gc,heap      ] GC(0) Old regions: 2->2
[2019-07-05T18:19:27.960-0300][gc,heap      ] GC(0) Humongous regions: 0->0
[2019-07-05T18:19:27.960-0300][gc,metaspace ] GC(0) Metaspace: 16864K->16864K(1064960K)
[2019-07-05T18:19:27.960-0300][gc           ] GC(0) Pause Young (Normal) (G1 Evacuation Pause) 51M->6M(1024M) 14,755ms
[2019-07-05T18:19:27.960-0300][gc,cpu       ] GC(0) User=0,05s Sys=0,00s Real=0,02s
[2019-07-05T18:19:28.617-0300][gc,start     ] GC(1) Pause Young (Concurrent Start) (Metadata GC Threshold)
[2019-07-05T18:19:28.617-0300][gc,task      ] GC(1) Using 4 workers of 4 for evacuation
[2019-07-05T18:19:28.630-0300][gc,phases    ] GC(1)   Pre Evacuate Collection Set: 0,1ms
[2019-07-05T18:19:28.630-0300][gc,phases    ] GC(1)   Evacuate Collection Set: 12,3ms
[2019-07-05T18:19:28.630-0300][gc,phases    ] GC(1)   Post Evacuate Collection Set: 0,4ms
[2019-07-05T18:19:28.630-0300][gc,phases    ] GC(1)   Other: 0,2ms
[2019-07-05T18:19:28.630-0300][gc,heap      ] GC(1) Eden regions: 15->0(49)
[2019-07-05T18:19:28.630-0300][gc,heap      ] GC(1) Survivor regions: 7->2(7)
[2019-07-05T18:19:28.630-0300][gc,heap      ] GC(1) Old regions: 2->8
[2019-07-05T18:19:28.630-0300][gc,heap      ] GC(1) Humongous regions: 129->129
[2019-07-05T18:19:28.630-0300][gc,metaspace ] GC(1) Metaspace: 20366K->20366K(1067008K)
[2019-07-05T18:19:28.630-0300][gc           ] GC(1) Pause Young (Concurrent Start) (Metadata GC Threshold) 150M->136M(1024M) 13,084ms
[2019-07-05T18:19:28.630-0300][gc,cpu       ] GC(1) User=0,04s Sys=0,00s Real=0,02s
[2019-07-05T18:19:28.630-0300][gc           ] GC(2) Concurrent Cycle
[2019-07-05T18:19:28.630-0300][gc,marking   ] GC(2) Concurrent Clear Claimed Marks
[2019-07-05T18:19:28.630-0300][gc,marking   ] GC(2) Concurrent Clear Claimed Marks 0,055ms
[2019-07-05T18:19:28.630-0300][gc,marking   ] GC(2) Concurrent Scan Root Regions
[2019-07-05T18:19:28.632-0300][gc,marking   ] GC(2) Concurrent Scan Root Regions 1,127ms
[2019-07-05T18:19:28.632-0300][gc,marking   ] GC(2) Concurrent Mark (2,783s)
[2019-07-05T18:19:28.632-0300][gc,marking   ] GC(2) Concurrent Mark From Roots
[2019-07-05T18:19:28.632-0300][gc,task      ] GC(2) Using 1 workers of 1 for marking
[2019-07-05T18:19:28.642-0300][gc,marking   ] GC(2) Concurrent Mark From Roots 10,095ms
[2019-07-05T18:19:28.642-0300][gc,marking   ] GC(2) Concurrent Preclean
[2019-07-05T18:19:28.642-0300][gc,marking   ] GC(2) Concurrent Preclean 0,094ms
[2019-07-05T18:19:28.642-0300][gc,marking   ] GC(2) Concurrent Mark (2,783s, 2,793s) 10,240ms
[2019-07-05T18:19:28.642-0300][gc,start     ] GC(2) Pause Remark
[2019-07-05T18:19:28.644-0300][gc,stringtable] GC(2) Cleaned string and symbol table, strings: 4932 processed, 0 removed, symbols: 49080 processed, 48 removed
[2019-07-05T18:19:28.644-0300][gc            ] GC(2) Pause Remark 137M->137M(1024M) 2,519ms
[2019-07-05T18:19:28.644-0300][gc,cpu        ] GC(2) User=0,01s Sys=0,00s Real=0,00s
[2019-07-05T18:19:28.644-0300][gc,marking    ] GC(2) Concurrent Rebuild Remembered Sets
[2019-07-05T18:19:28.650-0300][gc,marking    ] GC(2) Concurrent Rebuild Remembered Sets 5,301ms
[2019-07-05T18:19:28.650-0300][gc,start      ] GC(2) Pause Cleanup
[2019-07-05T18:19:28.650-0300][gc            ] GC(2) Pause Cleanup 137M->137M(1024M) 0,254ms
[2019-07-05T18:19:28.650-0300][gc,cpu        ] GC(2) User=0,01s Sys=0,00s Real=0,00s
[2019-07-05T18:19:28.650-0300][gc,marking    ] GC(2) Concurrent Cleanup for Next Mark
[2019-07-05T18:19:28.658-0300][gc,marking    ] GC(2) Concurrent Cleanup for Next Mark 8,263ms
[2019-07-05T18:19:28.659-0300][gc            ] GC(2) Concurrent Cycle 28,253ms
[2019-07-05T18:29:22.535-0300][gc,start      ] GC(3) Pause Young (Normal) (G1 Evacuation Pause)
[2019-07-05T18:29:22.535-0300][gc,task       ] GC(3) Using 4 workers of 4 for evacuation
[2019-07-05T18:29:22.550-0300][gc,phases     ] GC(3)   Pre Evacuate Collection Set: 0,0ms
[2019-07-05T18:29:22.550-0300][gc,phases     ] GC(3)   Evacuate Collection Set: 13,8ms
[2019-07-05T18:29:22.550-0300][gc,phases     ] GC(3)   Post Evacuate Collection Set: 0,6ms
[2019-07-05T18:29:22.550-0300][gc,phases     ] GC(3)   Other: 0,4ms
[2019-07-05T18:29:22.550-0300][gc,heap       ] GC(3) Eden regions: 49->0(46)
[2019-07-05T18:29:22.550-0300][gc,heap       ] GC(3) Survivor regions: 2->5(7)
[2019-07-05T18:29:22.550-0300][gc,heap       ] GC(3) Old regions: 8->8
[2019-07-05T18:29:22.550-0300][gc,heap       ] GC(3) Humongous regions: 129->129
[2019-07-05T18:29:22.550-0300][gc,metaspace  ] GC(3) Metaspace: 29217K->29217K(1075200K)
[2019-07-05T18:29:22.550-0300][gc            ] GC(3) Pause Young (Normal) (G1 Evacuation Pause) 185M->140M(1024M) 14,940ms
[2019-07-05T18:29:22.550-0300][gc,cpu        ] GC(3) User=0,05s Sys=0,01s Real=0,02s
