[2019-07-08T14:53:11.680-0300][gc,heap] Heap region size: 1M
[2019-07-08T14:53:11.691-0300][gc     ] Using G1
[2019-07-08T14:53:11.691-0300][gc,heap,coops] Heap address: 0x00000000c0000000, size: 1024 MB, Compressed Oops mode: 32-bit
[2019-07-08T14:53:11.691-0300][gc,cds       ] Mark closed archive regions in map: [0x00000000fff00000, 0x00000000fff69ff8]
[2019-07-08T14:53:11.691-0300][gc,cds       ] Mark open archive regions in map: [0x00000000ffe00000, 0x00000000ffe34ff8]
[2019-07-08T14:53:14.646-0300][gc,start     ] GC(0) Pause Young (Normal) (G1 Evacuation Pause)
[2019-07-08T14:53:14.647-0300][gc,task      ] GC(0) Using 4 workers of 4 for evacuation
[2019-07-08T14:53:14.660-0300][gc,phases    ] GC(0)   Pre Evacuate Collection Set: 0,0ms
[2019-07-08T14:53:14.660-0300][gc,phases    ] GC(0)   Evacuate Collection Set: 13,0ms
[2019-07-08T14:53:14.660-0300][gc,phases    ] GC(0)   Post Evacuate Collection Set: 0,5ms
[2019-07-08T14:53:14.661-0300][gc,phases    ] GC(0)   Other: 0,6ms
[2019-07-08T14:53:14.661-0300][gc,heap      ] GC(0) Eden regions: 51->0(44)
[2019-07-08T14:53:14.661-0300][gc,heap      ] GC(0) Survivor regions: 0->7(7)
[2019-07-08T14:53:14.661-0300][gc,heap      ] GC(0) Old regions: 2->2
[2019-07-08T14:53:14.661-0300][gc,heap      ] GC(0) Humongous regions: 0->0
[2019-07-08T14:53:14.661-0300][gc,metaspace ] GC(0) Metaspace: 16862K->16862K(1064960K)
[2019-07-08T14:53:14.661-0300][gc           ] GC(0) Pause Young (Normal) (G1 Evacuation Pause) 51M->6M(1024M) 14,139ms
[2019-07-08T14:53:14.661-0300][gc,cpu       ] GC(0) User=0,05s Sys=0,00s Real=0,01s
[2019-07-08T14:53:15.276-0300][gc,start     ] GC(1) Pause Young (Concurrent Start) (Metadata GC Threshold)
[2019-07-08T14:53:15.276-0300][gc,task      ] GC(1) Using 4 workers of 4 for evacuation
[2019-07-08T14:53:15.289-0300][gc,phases    ] GC(1)   Pre Evacuate Collection Set: 0,1ms
[2019-07-08T14:53:15.289-0300][gc,phases    ] GC(1)   Evacuate Collection Set: 12,5ms
[2019-07-08T14:53:15.289-0300][gc,phases    ] GC(1)   Post Evacuate Collection Set: 0,4ms
[2019-07-08T14:53:15.289-0300][gc,phases    ] GC(1)   Other: 0,2ms
[2019-07-08T14:53:15.289-0300][gc,heap      ] GC(1) Eden regions: 15->0(49)
[2019-07-08T14:53:15.289-0300][gc,heap      ] GC(1) Survivor regions: 7->2(7)
[2019-07-08T14:53:15.289-0300][gc,heap      ] GC(1) Old regions: 2->8
[2019-07-08T14:53:15.289-0300][gc,heap      ] GC(1) Humongous regions: 129->129
[2019-07-08T14:53:15.289-0300][gc,metaspace ] GC(1) Metaspace: 20366K->20366K(1067008K)
[2019-07-08T14:53:15.289-0300][gc           ] GC(1) Pause Young (Concurrent Start) (Metadata GC Threshold) 150M->137M(1024M) 13,261ms
[2019-07-08T14:53:15.289-0300][gc,cpu       ] GC(1) User=0,03s Sys=0,01s Real=0,01s
[2019-07-08T14:53:15.289-0300][gc           ] GC(2) Concurrent Cycle
[2019-07-08T14:53:15.289-0300][gc,marking   ] GC(2) Concurrent Clear Claimed Marks
[2019-07-08T14:53:15.289-0300][gc,marking   ] GC(2) Concurrent Clear Claimed Marks 0,052ms
[2019-07-08T14:53:15.289-0300][gc,marking   ] GC(2) Concurrent Scan Root Regions
[2019-07-08T14:53:15.290-0300][gc,marking   ] GC(2) Concurrent Scan Root Regions 0,998ms
[2019-07-08T14:53:15.290-0300][gc,marking   ] GC(2) Concurrent Mark (3,620s)
[2019-07-08T14:53:15.290-0300][gc,marking   ] GC(2) Concurrent Mark From Roots
[2019-07-08T14:53:15.290-0300][gc,task      ] GC(2) Using 1 workers of 1 for marking
[2019-07-08T14:53:15.307-0300][gc,marking   ] GC(2) Concurrent Mark From Roots 16,638ms
[2019-07-08T14:53:15.307-0300][gc,marking   ] GC(2) Concurrent Preclean
[2019-07-08T14:53:15.307-0300][gc,marking   ] GC(2) Concurrent Preclean 0,102ms
[2019-07-08T14:53:15.307-0300][gc,marking   ] GC(2) Concurrent Mark (3,620s, 3,636s) 16,798ms
[2019-07-08T14:53:15.307-0300][gc,start     ] GC(2) Pause Remark
[2019-07-08T14:53:15.311-0300][gc,stringtable] GC(2) Cleaned string and symbol table, strings: 4960 processed, 0 removed, symbols: 49675 processed, 47 removed
[2019-07-08T14:53:15.311-0300][gc            ] GC(2) Pause Remark 138M->138M(1024M) 3,760ms
[2019-07-08T14:53:15.311-0300][gc,cpu        ] GC(2) User=0,01s Sys=0,00s Real=0,00s
[2019-07-08T14:53:15.311-0300][gc,marking    ] GC(2) Concurrent Rebuild Remembered Sets
[2019-07-08T14:53:15.319-0300][gc,marking    ] GC(2) Concurrent Rebuild Remembered Sets 7,761ms
[2019-07-08T14:53:15.319-0300][gc,start      ] GC(2) Pause Cleanup
[2019-07-08T14:53:15.319-0300][gc            ] GC(2) Pause Cleanup 139M->139M(1024M) 0,256ms
[2019-07-08T14:53:15.319-0300][gc,cpu        ] GC(2) User=0,00s Sys=0,00s Real=0,00s
[2019-07-08T14:53:15.319-0300][gc,marking    ] GC(2) Concurrent Cleanup for Next Mark
[2019-07-08T14:53:15.329-0300][gc,marking    ] GC(2) Concurrent Cleanup for Next Mark 9,291ms
[2019-07-08T14:53:15.329-0300][gc            ] GC(2) Concurrent Cycle 39,490ms
[2019-07-08T14:53:37.125-0300][gc,start      ] GC(3) Pause Young (Normal) (G1 Evacuation Pause)
[2019-07-08T14:53:37.125-0300][gc,task       ] GC(3) Using 4 workers of 4 for evacuation
[2019-07-08T14:53:37.133-0300][gc,phases     ] GC(3)   Pre Evacuate Collection Set: 0,1ms
[2019-07-08T14:53:37.134-0300][gc,phases     ] GC(3)   Evacuate Collection Set: 7,7ms
[2019-07-08T14:53:37.134-0300][gc,phases     ] GC(3)   Post Evacuate Collection Set: 0,5ms
[2019-07-08T14:53:37.134-0300][gc,phases     ] GC(3)   Other: 0,3ms
[2019-07-08T14:53:37.134-0300][gc,heap       ] GC(3) Eden regions: 49->0(45)
[2019-07-08T14:53:37.134-0300][gc,heap       ] GC(3) Survivor regions: 2->6(7)
[2019-07-08T14:53:37.134-0300][gc,heap       ] GC(3) Old regions: 8->8
[2019-07-08T14:53:37.134-0300][gc,heap       ] GC(3) Humongous regions: 129->129
[2019-07-08T14:53:37.134-0300][gc,metaspace  ] GC(3) Metaspace: 30496K->30496K(1077248K)
[2019-07-08T14:53:37.134-0300][gc            ] GC(3) Pause Young (Normal) (G1 Evacuation Pause) 186M->140M(1024M) 8,680ms
[2019-07-08T14:53:37.134-0300][gc,cpu        ] GC(3) User=0,03s Sys=0,00s Real=0,01s
[2019-07-08T15:00:52.606-0300][gc,start      ] GC(4) Pause Young (Concurrent Start) (Metadata GC Threshold)
[2019-07-08T15:00:52.606-0300][gc,task       ] GC(4) Using 4 workers of 4 for evacuation
[2019-07-08T15:00:52.620-0300][gc,phases     ] GC(4)   Pre Evacuate Collection Set: 0,2ms
[2019-07-08T15:00:52.620-0300][gc,phases     ] GC(4)   Evacuate Collection Set: 13,4ms
[2019-07-08T15:00:52.620-0300][gc,phases     ] GC(4)   Post Evacuate Collection Set: 0,9ms
[2019-07-08T15:00:52.620-0300][gc,phases     ] GC(4)   Other: 0,3ms
[2019-07-08T15:00:52.620-0300][gc,heap       ] GC(4) Eden regions: 24->0(50)
[2019-07-08T15:00:52.620-0300][gc,heap       ] GC(4) Survivor regions: 6->1(7)
[2019-07-08T15:00:52.620-0300][gc,heap       ] GC(4) Old regions: 8->12
[2019-07-08T15:00:52.620-0300][gc,heap       ] GC(4) Humongous regions: 129->0
[2019-07-08T15:00:52.620-0300][gc,metaspace  ] GC(4) Metaspace: 33641K->33641K(1079296K)
[2019-07-08T15:00:52.620-0300][gc            ] GC(4) Pause Young (Concurrent Start) (Metadata GC Threshold) 163M->11M(1024M) 14,814ms
[2019-07-08T15:00:52.620-0300][gc,cpu        ] GC(4) User=0,04s Sys=0,01s Real=0,01s
[2019-07-08T15:00:52.620-0300][gc            ] GC(5) Concurrent Cycle
[2019-07-08T15:00:52.621-0300][gc,marking    ] GC(5) Concurrent Clear Claimed Marks
[2019-07-08T15:00:52.621-0300][gc,marking    ] GC(5) Concurrent Clear Claimed Marks 0,194ms
[2019-07-08T15:00:52.621-0300][gc,marking    ] GC(5) Concurrent Scan Root Regions
[2019-07-08T15:00:52.623-0300][gc,marking    ] GC(5) Concurrent Scan Root Regions 2,146ms
[2019-07-08T15:00:52.624-0300][gc,marking    ] GC(5) Concurrent Mark (460,953s)
[2019-07-08T15:00:52.624-0300][gc,marking    ] GC(5) Concurrent Mark From Roots
[2019-07-08T15:00:52.624-0300][gc,task       ] GC(5) Using 1 workers of 1 for marking
[2019-07-08T15:00:52.652-0300][gc,marking    ] GC(5) Concurrent Mark From Roots 28,407ms
[2019-07-08T15:00:52.652-0300][gc,marking    ] GC(5) Concurrent Preclean
[2019-07-08T15:00:52.653-0300][gc,marking    ] GC(5) Concurrent Preclean 0,392ms
[2019-07-08T15:00:52.653-0300][gc,marking    ] GC(5) Concurrent Mark (460,953s, 460,982s) 29,152ms
[2019-07-08T15:00:52.653-0300][gc,start      ] GC(5) Pause Remark
[2019-07-08T15:00:52.657-0300][gc,stringtable] GC(5) Cleaned string and symbol table, strings: 9961 processed, 20 removed, symbols: 74858 processed, 20 removed
[2019-07-08T15:00:52.657-0300][gc            ] GC(5) Pause Remark 11M->11M(1024M) 4,282ms
[2019-07-08T15:00:52.657-0300][gc,cpu        ] GC(5) User=0,02s Sys=0,00s Real=0,00s
[2019-07-08T15:00:52.657-0300][gc,marking    ] GC(5) Concurrent Rebuild Remembered Sets
[2019-07-08T15:00:52.670-0300][gc,marking    ] GC(5) Concurrent Rebuild Remembered Sets 12,669ms
[2019-07-08T15:00:52.670-0300][gc,start      ] GC(5) Pause Cleanup
[2019-07-08T15:00:52.671-0300][gc            ] GC(5) Pause Cleanup 11M->11M(1024M) 0,280ms
[2019-07-08T15:00:52.671-0300][gc,cpu        ] GC(5) User=0,00s Sys=0,00s Real=0,00s
[2019-07-08T15:00:52.671-0300][gc,marking    ] GC(5) Concurrent Cleanup for Next Mark
[2019-07-08T15:00:52.679-0300][gc,marking    ] GC(5) Concurrent Cleanup for Next Mark 8,534ms
[2019-07-08T15:00:52.679-0300][gc            ] GC(5) Concurrent Cycle 58,870ms
[2019-07-08T15:00:55.130-0300][gc,heap,exit  ] Heap
[2019-07-08T15:00:55.130-0300][gc,heap,exit  ]  garbage-first heap   total 1048576K, used 15868K [0x00000000c0000000, 0x0000000100000000)
[2019-07-08T15:00:55.130-0300][gc,heap,exit  ]   region size 1024K, 6 young (6144K), 1 survivors (1024K)
[2019-07-08T15:00:55.130-0300][gc,heap,exit  ]  Metaspace       used 33817K, capacity 35891K, committed 36092K, reserved 1079296K
[2019-07-08T15:00:55.130-0300][gc,heap,exit  ]   class space    used 5012K, capacity 6074K, committed 6144K, reserved 1048576K
