[2019-07-07T11:39:45.311-0300][gc,heap] Heap region size: 1M
[2019-07-07T11:39:45.317-0300][gc     ] Using G1
[2019-07-07T11:39:45.317-0300][gc,heap,coops] Heap address: 0x00000000e0000000, size: 512 MB, Compressed Oops mode: 32-bit
[2019-07-07T11:39:45.317-0300][gc,cds       ] Mark closed archive regions in map: [0x00000000fff00000, 0x00000000fff69ff8]
[2019-07-07T11:39:45.317-0300][gc,cds       ] Mark open archive regions in map: [0x00000000ffe00000, 0x00000000ffe34ff8]
[2019-07-07T11:39:57.951-0300][gc,heap,exit ] Heap
[2019-07-07T11:39:57.951-0300][gc,heap,exit ]  garbage-first heap   total 524288K, used 20092K [0x00000000e0000000, 0x0000000100000000)
[2019-07-07T11:39:57.951-0300][gc,heap,exit ]   region size 1024K, 20 young (20480K), 0 survivors (0K)
[2019-07-07T11:39:57.951-0300][gc,heap,exit ]  Metaspace       used 6729K, capacity 7091K, committed 7424K, reserved 1056768K
[2019-07-07T11:39:57.951-0300][gc,heap,exit ]   class space    used 778K, capacity 898K, committed 1024K, reserved 1048576K
