[2019-07-05T17:56:31.872-0300][gc,heap] Heap region size: 1M
[2019-07-05T17:56:31.877-0300][gc     ] Using G1
[2019-07-05T17:56:31.877-0300][gc,heap,coops] Heap address: 0x00000000e0000000, size: 512 MB, Compressed Oops mode: 32-bit
[2019-07-05T17:56:31.878-0300][gc,cds       ] Mark closed archive regions in map: [0x00000000fff00000, 0x00000000fff69ff8]
[2019-07-05T17:56:31.878-0300][gc,cds       ] Mark open archive regions in map: [0x00000000ffe00000, 0x00000000ffe34ff8]
[2019-07-05T17:56:32.520-0300][gc,heap,exit ] Heap
[2019-07-05T17:56:32.520-0300][gc,heap,exit ]  garbage-first heap   total 524288K, used 15996K [0x00000000e0000000, 0x0000000100000000)
[2019-07-05T17:56:32.520-0300][gc,heap,exit ]   region size 1024K, 16 young (16384K), 0 survivors (0K)
[2019-07-05T17:56:32.520-0300][gc,heap,exit ]  Metaspace       used 6405K, capacity 6739K, committed 7040K, reserved 1056768K
[2019-07-05T17:56:32.520-0300][gc,heap,exit ]   class space    used 749K, capacity 866K, committed 896K, reserved 1048576K
